// Jest Snapshot v1, https://goo.gl/fbAQLP

exports[`<ClientsList />  Snapshot Backend on FireBase 1`] = `
<div>
  <div
    className="section intro"
  >
    <div
      className="sloganContainer"
    >
      <h1
        className="sloganText One"
      >
        IT-DEVS
      </h1>
      <h1
        className="sloganText Two"
      >
        SECTION
      </h1>
      <h1
        className="sloganText Three"
      >
        BACKEND.
      </h1>
    </div>
  </div>
  <div
    className="Container projectSlider section"
  >
    <h1
      style={
        Object {
          "color": "white",
        }
      }
    >
       ...Buscando contactos ...
    </h1>
  </div>
</div>
`;
